============================= test session starts =============================
platform win32 -- Python 3.12.10, pytest-8.4.2, pluggy-1.6.0 -- C:\Users\Usuari\AppData\Local\Programs\Python\Python312\python.exe
cachedir: .pytest_cache
rootdir: C:\Users\Usuari\Desktop\Assetto Manager Mods\ac-manager
configfile: pytest.ini
plugins: anyio-3.7.1, cov-7.0.0
collecting ... collected 9 items

tests\test_api.py::TestBookingsAPI::test_list_bookings_empty FAILED      [ 11%]
tests\test_api.py::TestBookingsAPI::test_get_available_slots PASSED      [ 22%]
tests\test_api.py::TestBookingsAPI::test_create_booking FAILED           [ 33%]
tests\test_api.py::TestBookingsAPI::test_get_booking_by_id FAILED        [ 44%]
tests\test_api.py::TestBookingsAPI::test_update_booking_status FAILED    [ 55%]
tests\test_api.py::TestBookingsAPI::test_calendar_week_view FAILED       [ 66%]
tests\test_api.py::TestAnalyticsAPI::test_get_analytics_overview PASSED  [ 77%]
tests\test_api.py::TestLoyaltyAPI::test_get_points_by_driver PASSED      [ 88%]
tests\test_api.py::TestLoyaltyAPI::test_list_rewards FAILED              [100%]

================================== FAILURES ===================================
__________________ TestBookingsAPI.test_list_bookings_empty ___________________

self = <tests.test_api.TestBookingsAPI object at 0x0000023269E66A80>

    def test_list_bookings_empty(self):
        """Test listing bookings when none exist"""
        response = client.get("/bookings/")
        assert response.status_code == 200
        data = response.json()
>       assert "bookings" in data
E       AssertionError: assert 'bookings' in [{'id': 1, 'station_id': None, 'customer_name': 'Test Driver', 'customer_email': 'test@example.com', 'customer_phone': '123456789', 'num_players': 2, 'date': '2026-01-16', 'time_slot': '10:00-11:00', 'duration_minutes': 60, 'status': 'pending', 'notes': 'Test booking', 'created_at': '2026-01-15T15:04:05.406825+00:00'}, {'id': 2, 'station_id': None, 'customer_name': 'Get Test', 'customer_email': None, 'customer_phone': None, 'num_players': 1, 'date': '2026-01-16', 'time_slot': '14:00-15:00', 'duration_minutes': 60, 'status': 'pending', 'notes': None, 'created_at': '2026-01-15T15:04:05.863899+00:00'}, {'id': 3, 'station_id': None, 'customer_name': 'Status Test', 'customer_email': None, 'customer_phone': None, 'num_players': 1, 'date': '2026-01-16', 'time_slot': '16:00-17:00', 'duration_minutes': 60, 'status': 'confirmed', 'notes': None, 'created_at': '2026-01-15T15:04:06.487745+00:00'}]

tests\test_api.py:20: AssertionError
---------------------------- Captured stderr call -----------------------------
INFO:httpx:HTTP Request: GET http://testserver/bookings/ "HTTP/1.1 200 OK"
------------------------------ Captured log call ------------------------------
INFO     httpx:_client.py:1025 HTTP Request: GET http://testserver/bookings/ "HTTP/1.1 200 OK"
_____________________ TestBookingsAPI.test_create_booking _____________________

self = <tests.test_api.TestBookingsAPI object at 0x000002326A54CA10>

    def test_create_booking(self):
        """Test creating a new booking"""
        tomorrow = (datetime.now() + timedelta(days=1)).strftime('%Y-%m-%d')
        booking_data = {
            "customer_name": "Test Driver",
            "customer_email": "test@example.com",
            "customer_phone": "123456789",
            "date": tomorrow,
            "time_slot": "10:00-11:00",
            "duration_minutes": 60,
            "num_players": 2,
            "notes": "Test booking"
        }
        response = client.post("/bookings/", json=booking_data)
>       assert response.status_code == 200
E       assert 409 == 200
E        +  where 409 = <Response [409 Conflict]>.status_code

tests\test_api.py:45: AssertionError
---------------------------- Captured stderr call -----------------------------
INFO:httpx:HTTP Request: POST http://testserver/bookings/ "HTTP/1.1 409 Conflict"
------------------------------ Captured log call ------------------------------
INFO     httpx:_client.py:1025 HTTP Request: POST http://testserver/bookings/ "HTTP/1.1 409 Conflict"
___________________ TestBookingsAPI.test_get_booking_by_id ____________________

self = <tests.test_api.TestBookingsAPI object at 0x000002326A54CB60>

    def test_get_booking_by_id(self):
        """Test retrieving a specific booking"""
        # First create a booking
        tomorrow = (datetime.now() + timedelta(days=1)).strftime('%Y-%m-%d')
        booking_data = {
            "customer_name": "Get Test",
            "date": tomorrow,
            "time_slot": "14:00-15:00",
            "duration_minutes": 60
        }
        create_response = client.post("/bookings/", json=booking_data)
>       booking_id = create_response.json()["id"]
                     ^^^^^^^^^^^^^^^^^^^^^^^^^^^^
E       KeyError: 'id'

tests\test_api.py:61: KeyError
---------------------------- Captured stderr call -----------------------------
INFO:httpx:HTTP Request: POST http://testserver/bookings/ "HTTP/1.1 409 Conflict"
------------------------------ Captured log call ------------------------------
INFO     httpx:_client.py:1025 HTTP Request: POST http://testserver/bookings/ "HTTP/1.1 409 Conflict"
_________________ TestBookingsAPI.test_update_booking_status __________________

self = <tests.test_api.TestBookingsAPI object at 0x000002326A54CCB0>

    def test_update_booking_status(self):
        """Test updating a booking's status"""
        # First create a booking
        tomorrow = (datetime.now() + timedelta(days=1)).strftime('%Y-%m-%d')
        booking_data = {
            "customer_name": "Status Test",
            "date": tomorrow,
            "time_slot": "16:00-17:00",
            "duration_minutes": 60
        }
        create_response = client.post("/bookings/", json=booking_data)
>       booking_id = create_response.json()["id"]
                     ^^^^^^^^^^^^^^^^^^^^^^^^^^^^
E       KeyError: 'id'

tests\test_api.py:81: KeyError
---------------------------- Captured stderr call -----------------------------
INFO:httpx:HTTP Request: POST http://testserver/bookings/ "HTTP/1.1 409 Conflict"
------------------------------ Captured log call ------------------------------
INFO     httpx:_client.py:1025 HTTP Request: POST http://testserver/bookings/ "HTTP/1.1 409 Conflict"
___________________ TestBookingsAPI.test_calendar_week_view ___________________

self = <tests.test_api.TestBookingsAPI object at 0x000002326A54CE00>

    def test_calendar_week_view(self):
        """Test getting weekly calendar view"""
        today = datetime.now().strftime('%Y-%m-%d')
        response = client.get(f"/bookings/calendar/week?start_date={today}")
        assert response.status_code == 200
        data = response.json()
>       assert "bookings" in data
E       AssertionError: assert 'bookings' in {'start_date': '2026-01-15', 'end_date': '2026-01-21', 'days': [{'date': '2026-01-15', 'day_name': 'Thursday', 'bookings': []}, {'date': '2026-01-16', 'day_name': 'Friday', 'bookings': [{'id': 1, 'time_slot': '10:00-11:00', 'customer_name': 'Test Driver', 'status': 'pending', 'station_id': None}, {'id': 2, 'time_slot': '14:00-15:00', 'customer_name': 'Get Test', 'status': 'pending', 'station_id': None}, {'id': 3, 'time_slot': '16:00-17:00', 'customer_name': 'Status Test', 'status': 'confirmed', 'station_id': None}]}, {'date': '2026-01-17', 'day_name': 'Saturday', 'bookings': []}, {'date': '2026-01-18', 'day_name': 'Sunday', 'bookings': []}, {'date': '2026-01-19', 'day_name': 'Monday', 'bookings': []}, {'date': '2026-01-20', 'day_name': 'Tuesday', 'bookings': []}, {'date': '2026-01-21', 'day_name': 'Wednesday', 'bookings': []}]}

tests\test_api.py:94: AssertionError
---------------------------- Captured stderr call -----------------------------
INFO:httpx:HTTP Request: GET http://testserver/bookings/calendar/week?start_date=2026-01-15 "HTTP/1.1 200 OK"
------------------------------ Captured log call ------------------------------
INFO     httpx:_client.py:1025 HTTP Request: GET http://testserver/bookings/calendar/week?start_date=2026-01-15 "HTTP/1.1 200 OK"
______________________ TestLoyaltyAPI.test_list_rewards _______________________

self = <tests.test_api.TestLoyaltyAPI object at 0x000002326A54D250>

    def test_list_rewards(self):
        """Test listing available rewards"""
        response = client.get("/loyalty/rewards")
        assert response.status_code == 200
        data = response.json()
>       assert "rewards" in data
E       AssertionError: assert 'rewards' in []

tests\test_api.py:128: AssertionError
---------------------------- Captured stderr call -----------------------------
INFO:httpx:HTTP Request: GET http://testserver/loyalty/rewards "HTTP/1.1 200 OK"
------------------------------ Captured log call ------------------------------
INFO     httpx:_client.py:1025 HTTP Request: GET http://testserver/loyalty/rewards "HTTP/1.1 200 OK"
============================== warnings summary ===============================
..\..\..\..\AppData\Local\Programs\Python\Python312\Lib\site-packages\starlette\formparsers.py:12
  C:\Users\Usuari\AppData\Local\Programs\Python\Python312\Lib\site-packages\starlette\formparsers.py:12: PendingDeprecationWarning: Please use `import python_multipart` instead.
    import multipart

app\database.py:36
  C:\Users\Usuari\Desktop\Assetto Manager Mods\ac-manager\backend\app\database.py:36: MovedIn20Warning: The ``declarative_base()`` function is now available as sqlalchemy.orm.declarative_base(). (deprecated since: 2.0) (Background on SQLAlchemy 2.0 at: https://sqlalche.me/e/b8d9)
    Base = declarative_base()

..\..\..\..\AppData\Local\Programs\Python\Python312\Lib\site-packages\pydantic\_internal\_config.py:291: 12 warnings
  C:\Users\Usuari\AppData\Local\Programs\Python\Python312\Lib\site-packages\pydantic\_internal\_config.py:291: PydanticDeprecatedSince20: Support for class-based `config` is deprecated, use ConfigDict instead. Deprecated in Pydantic V2.0 to be removed in V3.0. See Pydantic V2 Migration Guide at https://errors.pydantic.dev/2.9/migration/
    warnings.warn(DEPRECATION_MESSAGE, DeprecationWarning)

..\..\..\..\AppData\Local\Programs\Python\Python312\Lib\site-packages\reportlab\lib\rl_safe_eval.py:11
  C:\Users\Usuari\AppData\Local\Programs\Python\Python312\Lib\site-packages\reportlab\lib\rl_safe_eval.py:11: DeprecationWarning: ast.NameConstant is deprecated and will be removed in Python 3.14; use ast.Constant instead
    haveNameConstant = hasattr(ast,'NameConstant')

-- Docs: https://docs.pytest.org/en/stable/how-to/capture-warnings.html
=========================== short test summary info ===========================
FAILED tests\test_api.py::TestBookingsAPI::test_list_bookings_empty - AssertionError: assert 'bookings' in [{'id': 1, 'station_id': None, 'customer_name': 'Test Driver', 'customer_email': 'test@example.com', 'customer_phone': '123456789', 'num_players': 2, 'date': '2026-01-16', 'time_slot': '10:00-11:00', 'duration_minutes': 60, 'status': 'pending', 'notes': 'Test booking', 'created_at': '2026-01-15T15:04:05.406825+00:00'}, {'id': 2, 'station_id': None, 'customer_name': 'Get Test', 'customer_email': None, 'customer_phone': None, 'num_players': 1, 'date': '2026-01-16', 'time_slot': '14:00-15:00', 'duration_minutes': 60, 'status': 'pending', 'notes': None, 'created_at': '2026-01-15T15:04:05.863899+00:00'}, {'id': 3, 'station_id': None, 'customer_name': 'Status Test', 'customer_email': None, 'customer_phone': None, 'num_players': 1, 'date': '2026-01-16', 'time_slot': '16:00-17:00', 'duration_minutes': 60, 'status': 'confirmed', 'notes': None, 'created_at': '2026-01-15T15:04:06.487745+00:00'}]
FAILED tests\test_api.py::TestBookingsAPI::test_create_booking - assert 409 == 200
 +  where 409 = <Response [409 Conflict]>.status_code
FAILED tests\test_api.py::TestBookingsAPI::test_get_booking_by_id - KeyError: 'id'
FAILED tests\test_api.py::TestBookingsAPI::test_update_booking_status - KeyError: 'id'
FAILED tests\test_api.py::TestBookingsAPI::test_calendar_week_view - AssertionError: assert 'bookings' in {'start_date': '2026-01-15', 'end_date': '2026-01-21', 'days': [{'date': '2026-01-15', 'day_name': 'Thursday', 'bookings': []}, {'date': '2026-01-16', 'day_name': 'Friday', 'bookings': [{'id': 1, 'time_slot': '10:00-11:00', 'customer_name': 'Test Driver', 'status': 'pending', 'station_id': None}, {'id': 2, 'time_slot': '14:00-15:00', 'customer_name': 'Get Test', 'status': 'pending', 'station_id': None}, {'id': 3, 'time_slot': '16:00-17:00', 'customer_name': 'Status Test', 'status': 'confirmed', 'station_id': None}]}, {'date': '2026-01-17', 'day_name': 'Saturday', 'bookings': []}, {'date': '2026-01-18', 'day_name': 'Sunday', 'bookings': []}, {'date': '2026-01-19', 'day_name': 'Monday', 'bookings': []}, {'date': '2026-01-20', 'day_name': 'Tuesday', 'bookings': []}, {'date': '2026-01-21', 'day_name': 'Wednesday', 'bookings': []}]}
FAILED tests\test_api.py::TestLoyaltyAPI::test_list_rewards - AssertionError: assert 'rewards' in []
================== 6 failed, 3 passed, 15 warnings in 4.75s ===================
